<?xml version="1.0" encoding="utf-8"?><testsuites name="pytest tests"><testsuite name="pytest" errors="0" failures="0" skipped="0" tests="25" time="0.982" timestamp="2026-09-27T17:56:21.564234+00:00" hostname="b4dd17f180f0"><testcase classname="tests.test_analysis_engine" name="test_explosive_runner_requires_strong_fundamentals" time="0.038" /><testcase classname="tests.test_analysis_engine" name="test_strong_setup_can_be_explosive_runner" time="0.009" /><testcase classname="tests.test_analysis_engine" name="test_material_negative_news_overrides_score" time="0.009" /><testcase classname="tests.test_analysis_engine" name="test_existing_profitable_position_can_take_partial_profit" time="0.008" /><testcase classname="tests.test_analysis_engine" name="test_new_position_waits_for_better_buy_when_weakening" time="0.008" /><testcase classname="tests.test_analysis_engine" name="test_buy_now_when_buy_zone_and_thesis_intact" time="0.008" /><testcase classname="tests.test_analysis_engine" name="test_parse_position_ocr_text_and_deduplicate" time="0.008" /><testcase classname="tests.test_analysis_engine" name="test_portfolio_optimizer_can_rotate_and_deploy_cash" time="0.007" /><testcase classname="tests.test_analysis_engine" name="test_heuristic_ai_exposes_adjustments_risks_and_sensitivity" time="0.009" /><testcase classname="tests.test_scanner" name="test_market_open_regular_session_and_weekend" time="0.007" /><testcase classname="tests.test_scanner" name="test_existing_positions_and_watchlist_are_prioritized" time="0.022" /><testcase classname="tests.test_scanner" name="test_persist_generates_buy_alert_without_duplicate_on_same_action" time="0.021" /><testcase classname="tests.test_webapp" name="test_health_endpoint" time="0.016" /><testcase classname="tests.test_webapp" name="test_dashboard_renders_shell_and_import_features" time="0.039" /><testcase classname="tests.test_webapp" name="test_manual_position_and_trade_ledger_persist" time="0.022" /><testcase classname="tests.test_webapp" name="test_confirm_screenshot_import_saves_positions" time="0.015" /><testcase classname="tests.test_webapp" name="test_screenshot_endpoint_has_free_browser_ocr_fallback" time="0.013" /><testcase classname="tests.test_webapp" name="test_screenshot_endpoint_accepts_ai_extraction" time="0.013" /><testcase classname="tests.test_webapp" name="test_analysis_page_contains_explainability_and_levels" time="0.054" /><testcase classname="tests.test_webapp" name="test_manual_analysis_symbol_field_queues_request" time="0.015" /><testcase classname="tests.test_webapp" name="test_cash_and_watchlist_persist" time="0.020" /><testcase classname="tests.test_webapp" name="test_invalid_trade_side_rejected" time="0.013" /><testcase classname="tests.test_webapp" name="test_screenshot_rejects_non_image_file" time="0.012" /><testcase classname="tests.test_webapp" name="test_live_api_returns_candidates_and_alerts" time="0.014" /><testcase classname="tests.test_webapp" name="test_analysis_json_uses_saved_snapshot" time="0.013" /></testsuite></testsuites>